// Jest Snapshot v1, https://goo.gl/fbAQLP

exports[`pruebas en <DeleteEventFab/> debe de hacer match con el snapshot 1`] = `
<button
  className="btn btn-danger fab-danger"
  onClick={[Function]}
>
  <i
    aria-hidden="true"
    className="fa fa-trash"
  />
  <span>
     Borrar Evento
  </span>
</button>
`;
